// Jest Snapshot v1, https://goo.gl/fbAQLP

exports[`generate bundle file from entry 1`] = `
"
        (function(graph) {
            //require函数的本质是执行一个模块的代码，然后将相应变量挂载到exports对象上
            function require(module) {
                //localRequire的本质是拿到依赖包的exports变量
                function localRequire(relativePath) {
                    return require(graph[module].dependencies[relativePath]);
                }
                var exports = {};
                (function(require, exports, code) {
                    eval(code);
                })(localRequire, exports, graph[module].code);
                return exports;
            }
            require('./__test/code/index.js')
        })({\\"./__test/code/index.js\\":{\\"code\\":\\"\\\\\\"use strict\\\\\\";\\\\n\\\\nvar _message = _interopRequireDefault(require(\\\\\\"./message.js\\\\\\"));\\\\n\\\\nfunction _interopRequireDefault(obj) { return obj && obj.__esModule ? obj : { \\\\\\"default\\\\\\": obj }; }\\\\n\\\\nconsole.log(_message[\\\\\\"default\\\\\\"]);\\",\\"dependencies\\":{\\"./message.js\\":\\"./__test\\\\\\\\code\\\\\\\\message.js\\"}},\\"./__test\\\\\\\\code\\\\\\\\message.js\\":{\\"code\\":\\"\\\\\\"use strict\\\\\\";\\\\n\\\\nObject.defineProperty(exports, \\\\\\"__esModule\\\\\\", {\\\\n  value: true\\\\n});\\\\nexports[\\\\\\"default\\\\\\"] = void 0;\\\\n\\\\nvar _word = require(\\\\\\"./word.js\\\\\\");\\\\n\\\\nvar message = \\\\\\"say \\\\\\".concat(_word.word);\\\\nvar _default = message;\\\\nexports[\\\\\\"default\\\\\\"] = _default;\\",\\"dependencies\\":{\\"./word.js\\":\\"./__test\\\\\\\\code\\\\\\\\word.js\\"}},\\"./__test\\\\\\\\code\\\\\\\\word.js\\":{\\"code\\":\\"\\\\\\"use strict\\\\\\";\\\\n\\\\nObject.defineProperty(exports, \\\\\\"__esModule\\\\\\", {\\\\n  value: true\\\\n});\\\\nexports.word = void 0;\\\\nvar word = 'hello';\\\\nexports.word = word;\\",\\"dependencies\\":{}}})"
`;

exports[`test parse file dependencies 1`] = `
Object {
  "code": "\\"use strict\\";

var _message = _interopRequireDefault(require(\\"./message.js\\"));

function _interopRequireDefault(obj) { return obj && obj.__esModule ? obj : { \\"default\\": obj }; }

console.log(_message[\\"default\\"]);",
  "dependencies": Object {
    "./message.js": "./__test\\\\code\\\\message.js",
  },
  "filename": "./__test/code/index.js",
}
`;

exports[`test parse file garph 1`] = `
Object {
  "./__test/code/index.js": Object {
    "code": "\\"use strict\\";

var _message = _interopRequireDefault(require(\\"./message.js\\"));

function _interopRequireDefault(obj) { return obj && obj.__esModule ? obj : { \\"default\\": obj }; }

console.log(_message[\\"default\\"]);",
    "dependencies": Object {
      "./message.js": "./__test\\\\code\\\\message.js",
    },
  },
  "./__test\\\\code\\\\message.js": Object {
    "code": "\\"use strict\\";

Object.defineProperty(exports, \\"__esModule\\", {
  value: true
});
exports[\\"default\\"] = void 0;

var _word = require(\\"./word.js\\");

var message = \\"say \\".concat(_word.word);
var _default = message;
exports[\\"default\\"] = _default;",
    "dependencies": Object {
      "./word.js": "./__test\\\\code\\\\word.js",
    },
  },
  "./__test\\\\code\\\\word.js": Object {
    "code": "\\"use strict\\";

Object.defineProperty(exports, \\"__esModule\\", {
  value: true
});
exports.word = void 0;
var word = 'hello';
exports.word = word;",
    "dependencies": Object {},
  },
}
`;
